Analysis & Synthesis report for fp_adder
Wed May 12 21:01:10 2021
Quartus Prime Version 20.1.1 Build 720 11/11/2020 SJ Lite Edition


---------------------
; Table of Contents ;
---------------------
  1. Legal Notice
  2. Analysis & Synthesis Summary
  3. Analysis & Synthesis Settings
  4. Parallel Compilation
  5. Analysis & Synthesis Source Files Read
  6. Analysis & Synthesis Resource Usage Summary
  7. Analysis & Synthesis Resource Utilization by Entity
  8. State Machine - |fp_adder|referenceKeypad:k1|status
  9. User-Specified and Inferred Latches
 10. Registers Removed During Synthesis
 11. General Register Statistics
 12. Inverted Register Statistics
 13. Multiplexer Restructuring Statistics (Restructuring Performed)
 14. Parameter Settings for User Entity Instance: clock_dividertest:cd
 15. Post-Synthesis Netlist Statistics for Top Partition
 16. Elapsed Time Per Partition
 17. Analysis & Synthesis Messages
 18. Analysis & Synthesis Suppressed Messages



----------------
; Legal Notice ;
----------------
Copyright (C) 2020  Intel Corporation. All rights reserved.
Your use of Intel Corporation's design tools, logic functions 
and other software and tools, and any partner logic 
functions, and any output files from any of the foregoing 
(including device programming or simulation files), and any 
associated documentation or information are expressly subject 
to the terms and conditions of the Intel Program License 
Subscription Agreement, the Intel Quartus Prime License Agreement,
the Intel FPGA IP License Agreement, or other applicable license
agreement, including, without limitation, that your use is for
the sole purpose of programming logic devices manufactured by
Intel and sold by Intel or its authorized distributors.  Please
refer to the applicable agreement for further details, at
https://fpgasoftware.intel.com/eula.



+----------------------------------------------------------------------------------+
; Analysis & Synthesis Summary                                                     ;
+------------------------------------+---------------------------------------------+
; Analysis & Synthesis Status        ; Successful - Wed May 12 21:01:10 2021       ;
; Quartus Prime Version              ; 20.1.1 Build 720 11/11/2020 SJ Lite Edition ;
; Revision Name                      ; fp_adder                                    ;
; Top-level Entity Name              ; fp_adder                                    ;
; Family                             ; MAX 10                                      ;
; Total logic elements               ; 572                                         ;
;     Total combinational functions  ; 462                                         ;
;     Dedicated logic registers      ; 298                                         ;
; Total registers                    ; 298                                         ;
; Total pins                         ; 105                                         ;
; Total virtual pins                 ; 0                                           ;
; Total memory bits                  ; 0                                           ;
; Embedded Multiplier 9-bit elements ; 0                                           ;
; Total PLLs                         ; 0                                           ;
; UFM blocks                         ; 0                                           ;
; ADC blocks                         ; 0                                           ;
+------------------------------------+---------------------------------------------+


+------------------------------------------------------------------------------------------------------------+
; Analysis & Synthesis Settings                                                                              ;
+------------------------------------------------------------------+--------------------+--------------------+
; Option                                                           ; Setting            ; Default Value      ;
+------------------------------------------------------------------+--------------------+--------------------+
; Device                                                           ; 10M50DAF484C7G     ;                    ;
; Top-level entity name                                            ; fp_adder           ; fp_adder           ;
; Family name                                                      ; MAX 10             ; Cyclone V          ;
; Use smart compilation                                            ; Off                ; Off                ;
; Enable parallel Assembler and Timing Analyzer during compilation ; On                 ; On                 ;
; Enable compact report table                                      ; Off                ; Off                ;
; Restructure Multiplexers                                         ; Auto               ; Auto               ;
; Create Debugging Nodes for IP Cores                              ; Off                ; Off                ;
; Preserve fewer node names                                        ; On                 ; On                 ;
; Intel FPGA IP Evaluation Mode                                    ; Enable             ; Enable             ;
; Verilog Version                                                  ; Verilog_2001       ; Verilog_2001       ;
; VHDL Version                                                     ; VHDL_1993          ; VHDL_1993          ;
; State Machine Processing                                         ; Auto               ; Auto               ;
; Safe State Machine                                               ; Off                ; Off                ;
; Extract Verilog State Machines                                   ; On                 ; On                 ;
; Extract VHDL State Machines                                      ; On                 ; On                 ;
; Ignore Verilog initial constructs                                ; Off                ; Off                ;
; Iteration limit for constant Verilog loops                       ; 5000               ; 5000               ;
; Iteration limit for non-constant Verilog loops                   ; 250                ; 250                ;
; Add Pass-Through Logic to Inferred RAMs                          ; On                 ; On                 ;
; Infer RAMs from Raw Logic                                        ; On                 ; On                 ;
; Parallel Synthesis                                               ; On                 ; On                 ;
; DSP Block Balancing                                              ; Auto               ; Auto               ;
; NOT Gate Push-Back                                               ; On                 ; On                 ;
; Power-Up Don't Care                                              ; On                 ; On                 ;
; Remove Redundant Logic Cells                                     ; Off                ; Off                ;
; Remove Duplicate Registers                                       ; On                 ; On                 ;
; Ignore CARRY Buffers                                             ; Off                ; Off                ;
; Ignore CASCADE Buffers                                           ; Off                ; Off                ;
; Ignore GLOBAL Buffers                                            ; Off                ; Off                ;
; Ignore ROW GLOBAL Buffers                                        ; Off                ; Off                ;
; Ignore LCELL Buffers                                             ; Off                ; Off                ;
; Ignore SOFT Buffers                                              ; On                 ; On                 ;
; Limit AHDL Integers to 32 Bits                                   ; Off                ; Off                ;
; Optimization Technique                                           ; Balanced           ; Balanced           ;
; Carry Chain Length                                               ; 70                 ; 70                 ;
; Auto Carry Chains                                                ; On                 ; On                 ;
; Auto Open-Drain Pins                                             ; On                 ; On                 ;
; Perform WYSIWYG Primitive Resynthesis                            ; Off                ; Off                ;
; Auto ROM Replacement                                             ; On                 ; On                 ;
; Auto RAM Replacement                                             ; On                 ; On                 ;
; Auto DSP Block Replacement                                       ; On                 ; On                 ;
; Auto Shift Register Replacement                                  ; Auto               ; Auto               ;
; Allow Shift Register Merging across Hierarchies                  ; Auto               ; Auto               ;
; Auto Clock Enable Replacement                                    ; On                 ; On                 ;
; Strict RAM Replacement                                           ; Off                ; Off                ;
; Allow Synchronous Control Signals                                ; On                 ; On                 ;
; Force Use of Synchronous Clear Signals                           ; Off                ; Off                ;
; Auto RAM Block Balancing                                         ; On                 ; On                 ;
; Auto RAM to Logic Cell Conversion                                ; Off                ; Off                ;
; Auto Resource Sharing                                            ; Off                ; Off                ;
; Allow Any RAM Size For Recognition                               ; Off                ; Off                ;
; Allow Any ROM Size For Recognition                               ; Off                ; Off                ;
; Allow Any Shift Register Size For Recognition                    ; Off                ; Off                ;
; Use LogicLock Constraints during Resource Balancing              ; On                 ; On                 ;
; Ignore translate_off and synthesis_off directives                ; Off                ; Off                ;
; Timing-Driven Synthesis                                          ; On                 ; On                 ;
; Report Parameter Settings                                        ; On                 ; On                 ;
; Report Source Assignments                                        ; On                 ; On                 ;
; Report Connectivity Checks                                       ; On                 ; On                 ;
; Ignore Maximum Fan-Out Assignments                               ; Off                ; Off                ;
; Synchronization Register Chain Length                            ; 2                  ; 2                  ;
; Power Optimization During Synthesis                              ; Normal compilation ; Normal compilation ;
; HDL message level                                                ; Level2             ; Level2             ;
; Suppress Register Optimization Related Messages                  ; Off                ; Off                ;
; Number of Removed Registers Reported in Synthesis Report         ; 5000               ; 5000               ;
; Number of Swept Nodes Reported in Synthesis Report               ; 5000               ; 5000               ;
; Number of Inverted Registers Reported in Synthesis Report        ; 100                ; 100                ;
; Clock MUX Protection                                             ; On                 ; On                 ;
; Auto Gated Clock Conversion                                      ; Off                ; Off                ;
; Block Design Naming                                              ; Auto               ; Auto               ;
; SDC constraint protection                                        ; Off                ; Off                ;
; Synthesis Effort                                                 ; Auto               ; Auto               ;
; Shift Register Replacement - Allow Asynchronous Clear Signal     ; On                 ; On                 ;
; Pre-Mapping Resynthesis Optimization                             ; Off                ; Off                ;
; Analysis & Synthesis Message Level                               ; Medium             ; Medium             ;
; Disable Register Merging Across Hierarchies                      ; Auto               ; Auto               ;
; Resource Aware Inference For Block RAM                           ; On                 ; On                 ;
+------------------------------------------------------------------+--------------------+--------------------+


+------------------------------------------+
; Parallel Compilation                     ;
+----------------------------+-------------+
; Processors                 ; Number      ;
+----------------------------+-------------+
; Number detected on machine ; 8           ;
; Maximum allowed            ; 4           ;
;                            ;             ;
; Average used               ; 1.00        ;
; Maximum used               ; 4           ;
;                            ;             ;
; Usage by Processor         ; % Time Used ;
;     Processor 1            ; 100.0%      ;
;     Processor 2            ;   0.0%      ;
;     Processors 3-4         ;   0.0%      ;
+----------------------------+-------------+


+-----------------------------------------------------------------------------------------------------------------------------------------------------+
; Analysis & Synthesis Source Files Read                                                                                                              ;
+----------------------------------+-----------------+------------------------+-------------------------------------------------------------+---------+
; File Name with User-Entered Path ; Used in Netlist ; File Type              ; File Name with Absolute Path                                ; Library ;
+----------------------------------+-----------------+------------------------+-------------------------------------------------------------+---------+
; fp_adder.v                       ; yes             ; User Verilog HDL File  ; C:/Users/hersa/Desktop/EE271_Project/271_Project/fp_adder.v ;         ;
+----------------------------------+-----------------+------------------------+-------------------------------------------------------------+---------+


+------------------------------------------------------------------------------+
; Analysis & Synthesis Resource Usage Summary                                  ;
+---------------------------------------------+--------------------------------+
; Resource                                    ; Usage                          ;
+---------------------------------------------+--------------------------------+
; Estimated Total logic elements              ; 572                            ;
;                                             ;                                ;
; Total combinational functions               ; 462                            ;
; Logic element usage by number of LUT inputs ;                                ;
;     -- 4 input functions                    ; 160                            ;
;     -- 3 input functions                    ; 192                            ;
;     -- <=2 input functions                  ; 110                            ;
;                                             ;                                ;
; Logic elements by mode                      ;                                ;
;     -- normal mode                          ; 366                            ;
;     -- arithmetic mode                      ; 96                             ;
;                                             ;                                ;
; Total registers                             ; 298                            ;
;     -- Dedicated logic registers            ; 298                            ;
;     -- I/O registers                        ; 0                              ;
;                                             ;                                ;
; I/O pins                                    ; 105                            ;
;                                             ;                                ;
; Embedded Multiplier 9-bit elements          ; 0                              ;
;                                             ;                                ;
; Maximum fan-out node                        ; clock_dividertest:cd|clock_out ;
; Maximum fan-out                             ; 236                            ;
; Total fan-out                               ; 2323                           ;
; Average fan-out                             ; 2.38                           ;
+---------------------------------------------+--------------------------------+


+-----------------------------------------------------------------------------------------------------------------------------------------------------------------------------------------------------------------------------------------------------+
; Analysis & Synthesis Resource Utilization by Entity                                                                                                                                                                                                 ;
+----------------------------+---------------------+---------------------------+-------------+------------+--------------+---------+-----------+------+--------------+------------+--------------------------------+-------------------+--------------+
; Compilation Hierarchy Node ; Combinational ALUTs ; Dedicated Logic Registers ; Memory Bits ; UFM Blocks ; DSP Elements ; DSP 9x9 ; DSP 18x18 ; Pins ; Virtual Pins ; ADC blocks ; Full Hierarchy Name            ; Entity Name       ; Library Name ;
+----------------------------+---------------------+---------------------------+-------------+------------+--------------+---------+-----------+------+--------------+------------+--------------------------------+-------------------+--------------+
; |fp_adder                  ; 462 (364)           ; 298 (199)                 ; 0           ; 0          ; 0            ; 0       ; 0         ; 105  ; 0            ; 0          ; |fp_adder                      ; fp_adder          ; work         ;
;    |clock_dividertest:cd|  ; 35 (35)             ; 21 (21)                   ; 0           ; 0          ; 0            ; 0       ; 0         ; 0    ; 0            ; 0          ; |fp_adder|clock_dividertest:cd ; clock_dividertest ; work         ;
;    |referenceKeypad:k1|    ; 63 (63)             ; 78 (78)                   ; 0           ; 0          ; 0            ; 0       ; 0         ; 0    ; 0            ; 0          ; |fp_adder|referenceKeypad:k1   ; referenceKeypad   ; work         ;
+----------------------------+---------------------+---------------------------+-------------+------------+--------------+---------+-----------+------+--------------+------------+--------------------------------+-------------------+--------------+
Note: For table entries with two numbers listed, the numbers in parentheses indicate the number of resources of the given type used by the specific entity alone. The numbers listed outside of parentheses indicate the total resources of the given type used by the specific entity and all of its sub-entities in the hierarchy.


Encoding Type:  One-Hot
+-----------------------------------------------------+
; State Machine - |fp_adder|referenceKeypad:k1|status ;
+-----------+-----------+-----------+-----------------+
; Name      ; status.00 ; status.10 ; status.01       ;
+-----------+-----------+-----------+-----------------+
; status.00 ; 0         ; 0         ; 0               ;
; status.01 ; 1         ; 0         ; 1               ;
; status.10 ; 1         ; 1         ; 0               ;
+-----------+-----------+-----------+-----------------+


+----------------------------------------------------------------------------------------------------+
; User-Specified and Inferred Latches                                                                ;
+-----------------------------------------------------+---------------------+------------------------+
; Latch Name                                          ; Latch Enable Signal ; Free of Timing Hazards ;
+-----------------------------------------------------+---------------------+------------------------+
; n_1[0]                                              ; Equal6              ; yes                    ;
; n_1[1]                                              ; Equal6              ; yes                    ;
; n_1[2]                                              ; Equal6              ; yes                    ;
; n_1[3]                                              ; Equal6              ; yes                    ;
; frac_1[12]                                          ; frac_1[12]          ; yes                    ;
; frac_1[11]                                          ; frac_1[12]          ; yes                    ;
; frac_1[10]                                          ; frac_1[12]          ; yes                    ;
; frac_1[9]                                           ; frac_1[12]          ; yes                    ;
; frac_1[8]                                           ; frac_1[12]          ; yes                    ;
; frac_1[7]                                           ; frac_1[12]          ; yes                    ;
; frac_1[6]                                           ; frac_1[12]          ; yes                    ;
; frac_1[5]                                           ; frac_1[12]          ; yes                    ;
; frac_1[4]                                           ; frac_1[12]          ; yes                    ;
; frac_1[3]                                           ; frac_1[12]          ; yes                    ;
; frac_1[2]                                           ; frac_1[12]          ; yes                    ;
; frac_1[1]                                           ; frac_1[12]          ; yes                    ;
; frac_1[0]                                           ; frac_1[12]          ; yes                    ;
; frac_2[12]                                          ; frac_1[12]          ; yes                    ;
; frac_2[11]                                          ; frac_1[12]          ; yes                    ;
; frac_2[10]                                          ; frac_1[12]          ; yes                    ;
; frac_2[9]                                           ; frac_1[12]          ; yes                    ;
; frac_2[8]                                           ; frac_1[12]          ; yes                    ;
; frac_2[7]                                           ; frac_1[12]          ; yes                    ;
; frac_2[6]                                           ; frac_1[12]          ; yes                    ;
; frac_2[5]                                           ; frac_1[12]          ; yes                    ;
; frac_2[4]                                           ; frac_1[12]          ; yes                    ;
; frac_2[3]                                           ; frac_1[12]          ; yes                    ;
; frac_2[2]                                           ; frac_1[12]          ; yes                    ;
; frac_2[1]                                           ; frac_1[12]          ; yes                    ;
; frac_2[0]                                           ; frac_1[12]          ; yes                    ;
; exp[0]                                              ; a                   ; yes                    ;
; exp[1]                                              ; a                   ; yes                    ;
; exp[2]                                              ; a                   ; yes                    ;
; exp[3]                                              ; a                   ; yes                    ;
; exp[4]                                              ; a                   ; yes                    ;
; Number of user-specified and inferred latches = 35  ;                     ;                        ;
+-----------------------------------------------------+---------------------+------------------------+
Note: All latches listed above may not be present at the end of synthesis due to various synthesis optimizations.


+---------------------------------------------------------------------------------+
; Registers Removed During Synthesis                                              ;
+----------------------------------------+----------------------------------------+
; Register name                          ; Reason for Removal                     ;
+----------------------------------------+----------------------------------------+
; store2[12]                             ; Stuck at GND due to stuck port data_in ;
; pushout                                ; Stuck at VCC due to stuck port data_in ;
; n[4]                                   ; Stuck at GND due to stuck port data_in ;
; referenceKeypad:k1|GOUT[0..3]          ; Stuck at GND due to stuck port data_in ;
; frac2[0,1]                             ; Stuck at GND due to stuck port data_in ;
; frac1[0,1]                             ; Stuck at GND due to stuck port data_in ;
; num1[14]                               ; Merged with num1[13]                   ;
; num2[14]                               ; Merged with num2[13]                   ;
; over~reg0                              ; Stuck at GND due to stuck port data_in ;
; Total Number of Removed Registers = 14 ;                                        ;
+----------------------------------------+----------------------------------------+


+------------------------------------------------------+
; General Register Statistics                          ;
+----------------------------------------------+-------+
; Statistic                                    ; Value ;
+----------------------------------------------+-------+
; Total registers                              ; 298   ;
; Number of registers using Synchronous Clear  ; 8     ;
; Number of registers using Synchronous Load   ; 24    ;
; Number of registers using Asynchronous Clear ; 0     ;
; Number of registers using Asynchronous Load  ; 0     ;
; Number of registers using Clock Enable       ; 69    ;
; Number of registers using Preset             ; 0     ;
+----------------------------------------------+-------+


+---------------------------------------------------+
; Inverted Register Statistics                      ;
+-----------------------------------------+---------+
; Inverted Register                       ; Fan out ;
+-----------------------------------------+---------+
; referenceKeypad:k1|hex0[0]              ; 2       ;
; referenceKeypad:k1|hex0[1]              ; 2       ;
; referenceKeypad:k1|hex0[2]              ; 2       ;
; referenceKeypad:k1|hex0[3]              ; 2       ;
; referenceKeypad:k1|hex0[4]              ; 2       ;
; referenceKeypad:k1|hex0[5]              ; 2       ;
; referenceKeypad:k1|hex0[6]              ; 2       ;
; referenceKeypad:k1|hex1[0]              ; 2       ;
; referenceKeypad:k1|hex1[1]              ; 2       ;
; referenceKeypad:k1|hex1[2]              ; 2       ;
; referenceKeypad:k1|hex1[3]              ; 2       ;
; referenceKeypad:k1|hex1[4]              ; 2       ;
; referenceKeypad:k1|hex1[5]              ; 2       ;
; referenceKeypad:k1|hex1[6]              ; 2       ;
; referenceKeypad:k1|hex2[0]              ; 2       ;
; referenceKeypad:k1|hex2[1]              ; 2       ;
; referenceKeypad:k1|hex2[2]              ; 2       ;
; referenceKeypad:k1|hex2[3]              ; 2       ;
; referenceKeypad:k1|hex2[4]              ; 2       ;
; referenceKeypad:k1|hex2[5]              ; 2       ;
; referenceKeypad:k1|hex2[6]              ; 2       ;
; referenceKeypad:k1|hex3[0]              ; 2       ;
; referenceKeypad:k1|hex3[1]              ; 2       ;
; referenceKeypad:k1|hex3[2]              ; 2       ;
; referenceKeypad:k1|hex3[3]              ; 2       ;
; referenceKeypad:k1|hex3[4]              ; 2       ;
; referenceKeypad:k1|hex3[5]              ; 2       ;
; referenceKeypad:k1|hex3[6]              ; 2       ;
; referenceKeypad:k1|hex4[0]              ; 2       ;
; referenceKeypad:k1|hex4[1]              ; 2       ;
; referenceKeypad:k1|hex4[2]              ; 2       ;
; referenceKeypad:k1|hex4[3]              ; 2       ;
; referenceKeypad:k1|hex4[4]              ; 2       ;
; referenceKeypad:k1|hex4[5]              ; 2       ;
; referenceKeypad:k1|hex4[6]              ; 2       ;
; referenceKeypad:k1|hex5[0]              ; 1       ;
; referenceKeypad:k1|hex5[1]              ; 1       ;
; referenceKeypad:k1|hex5[2]              ; 1       ;
; referenceKeypad:k1|hex5[3]              ; 1       ;
; referenceKeypad:k1|hex5[4]              ; 1       ;
; referenceKeypad:k1|hex5[5]              ; 1       ;
; referenceKeypad:k1|hex5[6]              ; 1       ;
; Total number of inverted registers = 42 ;         ;
+-----------------------------------------+---------+


+------------------------------------------------------------------------------------------------------------------------------------------------------------+
; Multiplexer Restructuring Statistics (Restructuring Performed)                                                                                             ;
+--------------------+-----------+---------------+----------------------+------------------------+------------+----------------------------------------------+
; Multiplexer Inputs ; Bus Width ; Baseline Area ; Area if Restructured ; Saving if Restructured ; Registered ; Example Multiplexer Output                   ;
+--------------------+-----------+---------------+----------------------+------------------------+------------+----------------------------------------------+
; 3:1                ; 2 bits    ; 4 LEs         ; 4 LEs                ; 0 LEs                  ; Yes        ; |fp_adder|store3[3]                          ;
; 4:1                ; 4 bits    ; 8 LEs         ; 8 LEs                ; 0 LEs                  ; Yes        ; |fp_adder|store3[4]                          ;
; 4:1                ; 2 bits    ; 4 LEs         ; 2 LEs                ; 2 LEs                  ; Yes        ; |fp_adder|store2[10]                         ;
; 5:1                ; 2 bits    ; 6 LEs         ; 4 LEs                ; 2 LEs                  ; Yes        ; |fp_adder|state_led[0]~reg0                  ;
; 3:1                ; 2 bits    ; 4 LEs         ; 2 LEs                ; 2 LEs                  ; Yes        ; |fp_adder|sig2                               ;
; 5:1                ; 2 bits    ; 6 LEs         ; 4 LEs                ; 2 LEs                  ; Yes        ; |fp_adder|referenceKeypad:k1|new_key_char[0] ;
; 6:1                ; 2 bits    ; 8 LEs         ; 6 LEs                ; 2 LEs                  ; Yes        ; |fp_adder|store3[8]                          ;
; 6:1                ; 2 bits    ; 8 LEs         ; 6 LEs                ; 2 LEs                  ; Yes        ; |fp_adder|store3[10]                         ;
; 16:1               ; 7 bits    ; 70 LEs        ; 63 LEs               ; 7 LEs                  ; Yes        ; |fp_adder|referenceKeypad:k1|hex0[0]         ;
; 4:1                ; 4 bits    ; 8 LEs         ; 8 LEs                ; 0 LEs                  ; No         ; |fp_adder|referenceKeypad:k1|Mux2            ;
; 4:1                ; 5 bits    ; 10 LEs        ; 10 LEs               ; 0 LEs                  ; No         ; |fp_adder|frac_1                             ;
; 4:1                ; 5 bits    ; 10 LEs        ; 10 LEs               ; 0 LEs                  ; No         ; |fp_adder|frac_2                             ;
; 5:1                ; 3 bits    ; 9 LEs         ; 6 LEs                ; 3 LEs                  ; No         ; |fp_adder|frac_1                             ;
; 5:1                ; 3 bits    ; 9 LEs         ; 6 LEs                ; 3 LEs                  ; No         ; |fp_adder|frac_2                             ;
; 6:1                ; 2 bits    ; 8 LEs         ; 8 LEs                ; 0 LEs                  ; No         ; |fp_adder|frac_1                             ;
; 6:1                ; 2 bits    ; 8 LEs         ; 8 LEs                ; 0 LEs                  ; No         ; |fp_adder|frac_2                             ;
+--------------------+-----------+---------------+----------------------+------------------------+------------+----------------------------------------------+


+-------------------------------------------------------------------+
; Parameter Settings for User Entity Instance: clock_dividertest:cd ;
+----------------+-------+------------------------------------------+
; Parameter Name ; Value ; Type                                     ;
+----------------+-------+------------------------------------------+
; input_hz       ; 50000 ; Signed Integer                           ;
; output_hz      ; 1     ; Signed Integer                           ;
; in_out_ratio   ; 50000 ; Signed Integer                           ;
+----------------+-------+------------------------------------------+
Note: In order to hide this table in the UI and the text report file, please set the "Show Parameter Settings in Synthesis Report" option in "Analysis and Synthesis Settings -> More Settings" to "Off".


+-----------------------------------------------------+
; Post-Synthesis Netlist Statistics for Top Partition ;
+-----------------------+-----------------------------+
; Type                  ; Count                       ;
+-----------------------+-----------------------------+
; boundary_port         ; 105                         ;
; cycloneiii_ff         ; 298                         ;
;     ENA               ; 61                          ;
;     ENA SCLR          ; 8                           ;
;     SLD               ; 24                          ;
;     plain             ; 205                         ;
; cycloneiii_io_obuf    ; 8                           ;
; cycloneiii_lcell_comb ; 505                         ;
;     arith             ; 96                          ;
;         2 data inputs ; 43                          ;
;         3 data inputs ; 53                          ;
;     normal            ; 409                         ;
;         0 data inputs ; 2                           ;
;         1 data inputs ; 67                          ;
;         2 data inputs ; 41                          ;
;         3 data inputs ; 139                         ;
;         4 data inputs ; 160                         ;
;                       ;                             ;
; Max LUT depth         ; 7.00                        ;
; Average LUT depth     ; 3.01                        ;
+-----------------------+-----------------------------+


+-------------------------------+
; Elapsed Time Per Partition    ;
+----------------+--------------+
; Partition Name ; Elapsed Time ;
+----------------+--------------+
; Top            ; 00:00:00     ;
+----------------+--------------+


+-------------------------------+
; Analysis & Synthesis Messages ;
+-------------------------------+
Info: *******************************************************************
Info: Running Quartus Prime Analysis & Synthesis
    Info: Version 20.1.1 Build 720 11/11/2020 SJ Lite Edition
    Info: Processing started: Wed May 12 21:01:00 2021
Info: Command: quartus_map --read_settings_files=on --write_settings_files=off fp_adder -c fp_adder
Warning (18236): Number of processors has not been specified which may cause overloading on shared machines.  Set the global assignment NUM_PARALLEL_PROCESSORS in your QSF to an appropriate value for best performance.
Info (20030): Parallel compilation is enabled and will use 4 of the 4 processors detected
Info (12021): Found 3 design units, including 3 entities, in source file fp_adder.v
    Info (12023): Found entity 1: fp_adder File: C:/Users/hersa/Desktop/EE271_Project/271_Project/fp_adder.v Line: 1
    Info (12023): Found entity 2: referenceKeypad File: C:/Users/hersa/Desktop/EE271_Project/271_Project/fp_adder.v Line: 302
    Info (12023): Found entity 3: clock_dividertest File: C:/Users/hersa/Desktop/EE271_Project/271_Project/fp_adder.v Line: 461
Warning (10236): Verilog HDL Implicit Net warning at fp_adder.v(52): created implicit net for "clk" File: C:/Users/hersa/Desktop/EE271_Project/271_Project/fp_adder.v Line: 52
Info (12127): Elaborating entity "fp_adder" for the top level hierarchy
Warning (10036): Verilog HDL or VHDL warning at fp_adder.v(17): object "f_under" assigned a value but never read File: C:/Users/hersa/Desktop/EE271_Project/271_Project/fp_adder.v Line: 17
Warning (10036): Verilog HDL or VHDL warning at fp_adder.v(28): object "sum1" assigned a value but never read File: C:/Users/hersa/Desktop/EE271_Project/271_Project/fp_adder.v Line: 28
Warning (10036): Verilog HDL or VHDL warning at fp_adder.v(39): object "sign" assigned a value but never read File: C:/Users/hersa/Desktop/EE271_Project/271_Project/fp_adder.v Line: 39
Warning (10036): Verilog HDL or VHDL warning at fp_adder.v(45): object "pushout_11" assigned a value but never read File: C:/Users/hersa/Desktop/EE271_Project/271_Project/fp_adder.v Line: 45
Warning (10230): Verilog HDL assignment warning at fp_adder.v(77): truncated value with size 32 to match size of target (2) File: C:/Users/hersa/Desktop/EE271_Project/271_Project/fp_adder.v Line: 77
Warning (10230): Verilog HDL assignment warning at fp_adder.v(88): truncated value with size 32 to match size of target (2) File: C:/Users/hersa/Desktop/EE271_Project/271_Project/fp_adder.v Line: 88
Warning (10230): Verilog HDL assignment warning at fp_adder.v(106): truncated value with size 32 to match size of target (2) File: C:/Users/hersa/Desktop/EE271_Project/271_Project/fp_adder.v Line: 106
Warning (10230): Verilog HDL assignment warning at fp_adder.v(121): truncated value with size 32 to match size of target (2) File: C:/Users/hersa/Desktop/EE271_Project/271_Project/fp_adder.v Line: 121
Warning (10230): Verilog HDL assignment warning at fp_adder.v(204): truncated value with size 32 to match size of target (15) File: C:/Users/hersa/Desktop/EE271_Project/271_Project/fp_adder.v Line: 204
Warning (10230): Verilog HDL assignment warning at fp_adder.v(205): truncated value with size 32 to match size of target (15) File: C:/Users/hersa/Desktop/EE271_Project/271_Project/fp_adder.v Line: 205
Warning (10230): Verilog HDL assignment warning at fp_adder.v(213): truncated value with size 32 to match size of target (15) File: C:/Users/hersa/Desktop/EE271_Project/271_Project/fp_adder.v Line: 213
Warning (10230): Verilog HDL assignment warning at fp_adder.v(228): truncated value with size 32 to match size of target (5) File: C:/Users/hersa/Desktop/EE271_Project/271_Project/fp_adder.v Line: 228
Warning (10240): Verilog HDL Always Construct warning at fp_adder.v(182): inferring latch(es) for variable "exp", which holds its previous value in one or more paths through the always construct File: C:/Users/hersa/Desktop/EE271_Project/271_Project/fp_adder.v Line: 182
Warning (10240): Verilog HDL Always Construct warning at fp_adder.v(182): inferring latch(es) for variable "frac_1", which holds its previous value in one or more paths through the always construct File: C:/Users/hersa/Desktop/EE271_Project/271_Project/fp_adder.v Line: 182
Warning (10240): Verilog HDL Always Construct warning at fp_adder.v(182): inferring latch(es) for variable "frac_2", which holds its previous value in one or more paths through the always construct File: C:/Users/hersa/Desktop/EE271_Project/271_Project/fp_adder.v Line: 182
Warning (10240): Verilog HDL Always Construct warning at fp_adder.v(182): inferring latch(es) for variable "under", which holds its previous value in one or more paths through the always construct File: C:/Users/hersa/Desktop/EE271_Project/271_Project/fp_adder.v Line: 182
Warning (10240): Verilog HDL Always Construct warning at fp_adder.v(182): inferring latch(es) for variable "n_1", which holds its previous value in one or more paths through the always construct File: C:/Users/hersa/Desktop/EE271_Project/271_Project/fp_adder.v Line: 182
Info (10041): Inferred latch for "n_1[0]" at fp_adder.v(239) File: C:/Users/hersa/Desktop/EE271_Project/271_Project/fp_adder.v Line: 239
Info (10041): Inferred latch for "n_1[1]" at fp_adder.v(239) File: C:/Users/hersa/Desktop/EE271_Project/271_Project/fp_adder.v Line: 239
Info (10041): Inferred latch for "n_1[2]" at fp_adder.v(239) File: C:/Users/hersa/Desktop/EE271_Project/271_Project/fp_adder.v Line: 239
Info (10041): Inferred latch for "n_1[3]" at fp_adder.v(239) File: C:/Users/hersa/Desktop/EE271_Project/271_Project/fp_adder.v Line: 239
Info (10041): Inferred latch for "n_1[4]" at fp_adder.v(239) File: C:/Users/hersa/Desktop/EE271_Project/271_Project/fp_adder.v Line: 239
Info (10041): Inferred latch for "under" at fp_adder.v(239) File: C:/Users/hersa/Desktop/EE271_Project/271_Project/fp_adder.v Line: 239
Info (10041): Inferred latch for "frac_2[0]" at fp_adder.v(182) File: C:/Users/hersa/Desktop/EE271_Project/271_Project/fp_adder.v Line: 182
Info (10041): Inferred latch for "frac_2[1]" at fp_adder.v(182) File: C:/Users/hersa/Desktop/EE271_Project/271_Project/fp_adder.v Line: 182
Info (10041): Inferred latch for "frac_2[2]" at fp_adder.v(182) File: C:/Users/hersa/Desktop/EE271_Project/271_Project/fp_adder.v Line: 182
Info (10041): Inferred latch for "frac_2[3]" at fp_adder.v(182) File: C:/Users/hersa/Desktop/EE271_Project/271_Project/fp_adder.v Line: 182
Info (10041): Inferred latch for "frac_2[4]" at fp_adder.v(182) File: C:/Users/hersa/Desktop/EE271_Project/271_Project/fp_adder.v Line: 182
Info (10041): Inferred latch for "frac_2[5]" at fp_adder.v(182) File: C:/Users/hersa/Desktop/EE271_Project/271_Project/fp_adder.v Line: 182
Info (10041): Inferred latch for "frac_2[6]" at fp_adder.v(182) File: C:/Users/hersa/Desktop/EE271_Project/271_Project/fp_adder.v Line: 182
Info (10041): Inferred latch for "frac_2[7]" at fp_adder.v(182) File: C:/Users/hersa/Desktop/EE271_Project/271_Project/fp_adder.v Line: 182
Info (10041): Inferred latch for "frac_2[8]" at fp_adder.v(182) File: C:/Users/hersa/Desktop/EE271_Project/271_Project/fp_adder.v Line: 182
Info (10041): Inferred latch for "frac_2[9]" at fp_adder.v(182) File: C:/Users/hersa/Desktop/EE271_Project/271_Project/fp_adder.v Line: 182
Info (10041): Inferred latch for "frac_2[10]" at fp_adder.v(182) File: C:/Users/hersa/Desktop/EE271_Project/271_Project/fp_adder.v Line: 182
Info (10041): Inferred latch for "frac_2[11]" at fp_adder.v(182) File: C:/Users/hersa/Desktop/EE271_Project/271_Project/fp_adder.v Line: 182
Info (10041): Inferred latch for "frac_2[12]" at fp_adder.v(182) File: C:/Users/hersa/Desktop/EE271_Project/271_Project/fp_adder.v Line: 182
Info (10041): Inferred latch for "frac_1[0]" at fp_adder.v(182) File: C:/Users/hersa/Desktop/EE271_Project/271_Project/fp_adder.v Line: 182
Info (10041): Inferred latch for "frac_1[1]" at fp_adder.v(182) File: C:/Users/hersa/Desktop/EE271_Project/271_Project/fp_adder.v Line: 182
Info (10041): Inferred latch for "frac_1[2]" at fp_adder.v(182) File: C:/Users/hersa/Desktop/EE271_Project/271_Project/fp_adder.v Line: 182
Info (10041): Inferred latch for "frac_1[3]" at fp_adder.v(182) File: C:/Users/hersa/Desktop/EE271_Project/271_Project/fp_adder.v Line: 182
Info (10041): Inferred latch for "frac_1[4]" at fp_adder.v(182) File: C:/Users/hersa/Desktop/EE271_Project/271_Project/fp_adder.v Line: 182
Info (10041): Inferred latch for "frac_1[5]" at fp_adder.v(182) File: C:/Users/hersa/Desktop/EE271_Project/271_Project/fp_adder.v Line: 182
Info (10041): Inferred latch for "frac_1[6]" at fp_adder.v(182) File: C:/Users/hersa/Desktop/EE271_Project/271_Project/fp_adder.v Line: 182
Info (10041): Inferred latch for "frac_1[7]" at fp_adder.v(182) File: C:/Users/hersa/Desktop/EE271_Project/271_Project/fp_adder.v Line: 182
Info (10041): Inferred latch for "frac_1[8]" at fp_adder.v(182) File: C:/Users/hersa/Desktop/EE271_Project/271_Project/fp_adder.v Line: 182
Info (10041): Inferred latch for "frac_1[9]" at fp_adder.v(182) File: C:/Users/hersa/Desktop/EE271_Project/271_Project/fp_adder.v Line: 182
Info (10041): Inferred latch for "frac_1[10]" at fp_adder.v(182) File: C:/Users/hersa/Desktop/EE271_Project/271_Project/fp_adder.v Line: 182
Info (10041): Inferred latch for "frac_1[11]" at fp_adder.v(182) File: C:/Users/hersa/Desktop/EE271_Project/271_Project/fp_adder.v Line: 182
Info (10041): Inferred latch for "frac_1[12]" at fp_adder.v(182) File: C:/Users/hersa/Desktop/EE271_Project/271_Project/fp_adder.v Line: 182
Info (10041): Inferred latch for "exp[0]" at fp_adder.v(182) File: C:/Users/hersa/Desktop/EE271_Project/271_Project/fp_adder.v Line: 182
Info (10041): Inferred latch for "exp[1]" at fp_adder.v(182) File: C:/Users/hersa/Desktop/EE271_Project/271_Project/fp_adder.v Line: 182
Info (10041): Inferred latch for "exp[2]" at fp_adder.v(182) File: C:/Users/hersa/Desktop/EE271_Project/271_Project/fp_adder.v Line: 182
Info (10041): Inferred latch for "exp[3]" at fp_adder.v(182) File: C:/Users/hersa/Desktop/EE271_Project/271_Project/fp_adder.v Line: 182
Info (10041): Inferred latch for "exp[4]" at fp_adder.v(182) File: C:/Users/hersa/Desktop/EE271_Project/271_Project/fp_adder.v Line: 182
Info (12128): Elaborating entity "clock_dividertest" for hierarchy "clock_dividertest:cd" File: C:/Users/hersa/Desktop/EE271_Project/271_Project/fp_adder.v Line: 52
Warning (10230): Verilog HDL assignment warning at fp_adder.v(478): truncated value with size 32 to match size of target (20) File: C:/Users/hersa/Desktop/EE271_Project/271_Project/fp_adder.v Line: 478
Warning (10230): Verilog HDL assignment warning at fp_adder.v(481): truncated value with size 32 to match size of target (20) File: C:/Users/hersa/Desktop/EE271_Project/271_Project/fp_adder.v Line: 481
Info (12128): Elaborating entity "referenceKeypad" for hierarchy "referenceKeypad:k1" File: C:/Users/hersa/Desktop/EE271_Project/271_Project/fp_adder.v Line: 53
Warning (10230): Verilog HDL assignment warning at fp_adder.v(357): truncated value with size 32 to match size of target (4) File: C:/Users/hersa/Desktop/EE271_Project/271_Project/fp_adder.v Line: 357
Warning (10230): Verilog HDL assignment warning at fp_adder.v(361): truncated value with size 32 to match size of target (4) File: C:/Users/hersa/Desktop/EE271_Project/271_Project/fp_adder.v Line: 361
Warning (10230): Verilog HDL assignment warning at fp_adder.v(365): truncated value with size 32 to match size of target (4) File: C:/Users/hersa/Desktop/EE271_Project/271_Project/fp_adder.v Line: 365
Warning (10230): Verilog HDL assignment warning at fp_adder.v(369): truncated value with size 32 to match size of target (4) File: C:/Users/hersa/Desktop/EE271_Project/271_Project/fp_adder.v Line: 369
Warning (10230): Verilog HDL assignment warning at fp_adder.v(385): truncated value with size 32 to match size of target (8) File: C:/Users/hersa/Desktop/EE271_Project/271_Project/fp_adder.v Line: 385
Warning (13012): Latch n_1[0] has unsafe behavior File: C:/Users/hersa/Desktop/EE271_Project/271_Project/fp_adder.v Line: 239
    Warning (13013): Ports D and ENA on the latch are fed by the same signal store[12] File: C:/Users/hersa/Desktop/EE271_Project/271_Project/fp_adder.v Line: 56
Warning (13012): Latch n_1[1] has unsafe behavior File: C:/Users/hersa/Desktop/EE271_Project/271_Project/fp_adder.v Line: 239
    Warning (13013): Ports D and ENA on the latch are fed by the same signal store[12] File: C:/Users/hersa/Desktop/EE271_Project/271_Project/fp_adder.v Line: 56
Warning (13012): Latch n_1[2] has unsafe behavior File: C:/Users/hersa/Desktop/EE271_Project/271_Project/fp_adder.v Line: 239
    Warning (13013): Ports D and ENA on the latch are fed by the same signal store[5] File: C:/Users/hersa/Desktop/EE271_Project/271_Project/fp_adder.v Line: 56
Warning (13012): Latch n_1[3] has unsafe behavior File: C:/Users/hersa/Desktop/EE271_Project/271_Project/fp_adder.v Line: 239
    Warning (13013): Ports D and ENA on the latch are fed by the same signal store[5] File: C:/Users/hersa/Desktop/EE271_Project/271_Project/fp_adder.v Line: 56
Warning (13012): Latch frac_1[12] has unsafe behavior File: C:/Users/hersa/Desktop/EE271_Project/271_Project/fp_adder.v Line: 182
    Warning (13013): Ports D and ENA on the latch are fed by the same signal exp2[4] File: C:/Users/hersa/Desktop/EE271_Project/271_Project/fp_adder.v Line: 56
Warning (13012): Latch frac_1[11] has unsafe behavior File: C:/Users/hersa/Desktop/EE271_Project/271_Project/fp_adder.v Line: 182
    Warning (13013): Ports D and ENA on the latch are fed by the same signal exp2[4] File: C:/Users/hersa/Desktop/EE271_Project/271_Project/fp_adder.v Line: 56
Warning (13012): Latch frac_1[10] has unsafe behavior File: C:/Users/hersa/Desktop/EE271_Project/271_Project/fp_adder.v Line: 182
    Warning (13013): Ports D and ENA on the latch are fed by the same signal exp2[4] File: C:/Users/hersa/Desktop/EE271_Project/271_Project/fp_adder.v Line: 56
Warning (13012): Latch frac_1[9] has unsafe behavior File: C:/Users/hersa/Desktop/EE271_Project/271_Project/fp_adder.v Line: 182
    Warning (13013): Ports D and ENA on the latch are fed by the same signal exp2[4] File: C:/Users/hersa/Desktop/EE271_Project/271_Project/fp_adder.v Line: 56
Warning (13012): Latch frac_1[8] has unsafe behavior File: C:/Users/hersa/Desktop/EE271_Project/271_Project/fp_adder.v Line: 182
    Warning (13013): Ports D and ENA on the latch are fed by the same signal exp2[4] File: C:/Users/hersa/Desktop/EE271_Project/271_Project/fp_adder.v Line: 56
Warning (13012): Latch frac_1[7] has unsafe behavior File: C:/Users/hersa/Desktop/EE271_Project/271_Project/fp_adder.v Line: 182
    Warning (13013): Ports D and ENA on the latch are fed by the same signal exp2[4] File: C:/Users/hersa/Desktop/EE271_Project/271_Project/fp_adder.v Line: 56
Warning (13012): Latch frac_1[6] has unsafe behavior File: C:/Users/hersa/Desktop/EE271_Project/271_Project/fp_adder.v Line: 182
    Warning (13013): Ports D and ENA on the latch are fed by the same signal exp2[4] File: C:/Users/hersa/Desktop/EE271_Project/271_Project/fp_adder.v Line: 56
Warning (13012): Latch frac_1[5] has unsafe behavior File: C:/Users/hersa/Desktop/EE271_Project/271_Project/fp_adder.v Line: 182
    Warning (13013): Ports D and ENA on the latch are fed by the same signal exp2[4] File: C:/Users/hersa/Desktop/EE271_Project/271_Project/fp_adder.v Line: 56
Warning (13012): Latch frac_1[4] has unsafe behavior File: C:/Users/hersa/Desktop/EE271_Project/271_Project/fp_adder.v Line: 182
    Warning (13013): Ports D and ENA on the latch are fed by the same signal exp2[4] File: C:/Users/hersa/Desktop/EE271_Project/271_Project/fp_adder.v Line: 56
Warning (13012): Latch frac_1[3] has unsafe behavior File: C:/Users/hersa/Desktop/EE271_Project/271_Project/fp_adder.v Line: 182
    Warning (13013): Ports D and ENA on the latch are fed by the same signal exp2[4] File: C:/Users/hersa/Desktop/EE271_Project/271_Project/fp_adder.v Line: 56
Warning (13012): Latch frac_1[2] has unsafe behavior File: C:/Users/hersa/Desktop/EE271_Project/271_Project/fp_adder.v Line: 182
    Warning (13013): Ports D and ENA on the latch are fed by the same signal exp2[4] File: C:/Users/hersa/Desktop/EE271_Project/271_Project/fp_adder.v Line: 56
Warning (13012): Latch frac_1[1] has unsafe behavior File: C:/Users/hersa/Desktop/EE271_Project/271_Project/fp_adder.v Line: 182
    Warning (13013): Ports D and ENA on the latch are fed by the same signal exp2[4] File: C:/Users/hersa/Desktop/EE271_Project/271_Project/fp_adder.v Line: 56
Warning (13012): Latch frac_1[0] has unsafe behavior File: C:/Users/hersa/Desktop/EE271_Project/271_Project/fp_adder.v Line: 182
    Warning (13013): Ports D and ENA on the latch are fed by the same signal exp2[4] File: C:/Users/hersa/Desktop/EE271_Project/271_Project/fp_adder.v Line: 56
Warning (13012): Latch frac_2[12] has unsafe behavior File: C:/Users/hersa/Desktop/EE271_Project/271_Project/fp_adder.v Line: 182
    Warning (13013): Ports D and ENA on the latch are fed by the same signal exp2[4] File: C:/Users/hersa/Desktop/EE271_Project/271_Project/fp_adder.v Line: 56
Warning (13012): Latch frac_2[11] has unsafe behavior File: C:/Users/hersa/Desktop/EE271_Project/271_Project/fp_adder.v Line: 182
    Warning (13013): Ports D and ENA on the latch are fed by the same signal exp2[4] File: C:/Users/hersa/Desktop/EE271_Project/271_Project/fp_adder.v Line: 56
Warning (13012): Latch frac_2[10] has unsafe behavior File: C:/Users/hersa/Desktop/EE271_Project/271_Project/fp_adder.v Line: 182
    Warning (13013): Ports D and ENA on the latch are fed by the same signal exp2[4] File: C:/Users/hersa/Desktop/EE271_Project/271_Project/fp_adder.v Line: 56
Warning (13012): Latch frac_2[9] has unsafe behavior File: C:/Users/hersa/Desktop/EE271_Project/271_Project/fp_adder.v Line: 182
    Warning (13013): Ports D and ENA on the latch are fed by the same signal exp2[4] File: C:/Users/hersa/Desktop/EE271_Project/271_Project/fp_adder.v Line: 56
Warning (13012): Latch frac_2[8] has unsafe behavior File: C:/Users/hersa/Desktop/EE271_Project/271_Project/fp_adder.v Line: 182
    Warning (13013): Ports D and ENA on the latch are fed by the same signal exp2[4] File: C:/Users/hersa/Desktop/EE271_Project/271_Project/fp_adder.v Line: 56
Warning (13012): Latch frac_2[7] has unsafe behavior File: C:/Users/hersa/Desktop/EE271_Project/271_Project/fp_adder.v Line: 182
    Warning (13013): Ports D and ENA on the latch are fed by the same signal exp2[4] File: C:/Users/hersa/Desktop/EE271_Project/271_Project/fp_adder.v Line: 56
Warning (13012): Latch frac_2[6] has unsafe behavior File: C:/Users/hersa/Desktop/EE271_Project/271_Project/fp_adder.v Line: 182
    Warning (13013): Ports D and ENA on the latch are fed by the same signal exp2[4] File: C:/Users/hersa/Desktop/EE271_Project/271_Project/fp_adder.v Line: 56
Warning (13012): Latch frac_2[5] has unsafe behavior File: C:/Users/hersa/Desktop/EE271_Project/271_Project/fp_adder.v Line: 182
    Warning (13013): Ports D and ENA on the latch are fed by the same signal exp2[4] File: C:/Users/hersa/Desktop/EE271_Project/271_Project/fp_adder.v Line: 56
Warning (13012): Latch frac_2[4] has unsafe behavior File: C:/Users/hersa/Desktop/EE271_Project/271_Project/fp_adder.v Line: 182
    Warning (13013): Ports D and ENA on the latch are fed by the same signal exp2[4] File: C:/Users/hersa/Desktop/EE271_Project/271_Project/fp_adder.v Line: 56
Warning (13012): Latch frac_2[3] has unsafe behavior File: C:/Users/hersa/Desktop/EE271_Project/271_Project/fp_adder.v Line: 182
    Warning (13013): Ports D and ENA on the latch are fed by the same signal exp2[4] File: C:/Users/hersa/Desktop/EE271_Project/271_Project/fp_adder.v Line: 56
Warning (13012): Latch frac_2[2] has unsafe behavior File: C:/Users/hersa/Desktop/EE271_Project/271_Project/fp_adder.v Line: 182
    Warning (13013): Ports D and ENA on the latch are fed by the same signal exp2[4] File: C:/Users/hersa/Desktop/EE271_Project/271_Project/fp_adder.v Line: 56
Warning (13012): Latch frac_2[1] has unsafe behavior File: C:/Users/hersa/Desktop/EE271_Project/271_Project/fp_adder.v Line: 182
    Warning (13013): Ports D and ENA on the latch are fed by the same signal exp2[4] File: C:/Users/hersa/Desktop/EE271_Project/271_Project/fp_adder.v Line: 56
Warning (13012): Latch frac_2[0] has unsafe behavior File: C:/Users/hersa/Desktop/EE271_Project/271_Project/fp_adder.v Line: 182
    Warning (13013): Ports D and ENA on the latch are fed by the same signal exp2[4] File: C:/Users/hersa/Desktop/EE271_Project/271_Project/fp_adder.v Line: 56
Warning (13024): Output pins are stuck at VCC or GND
    Warning (13410): Pin "over" is stuck at GND File: C:/Users/hersa/Desktop/EE271_Project/271_Project/fp_adder.v Line: 7
    Warning (13410): Pin "under" is stuck at VCC File: C:/Users/hersa/Desktop/EE271_Project/271_Project/fp_adder.v Line: 7
Info (286030): Timing-Driven Synthesis is running
Info (144001): Generated suppressed messages file C:/Users/hersa/Desktop/EE271_Project/271_Project/output_files/fp_adder.map.smsg
Info (16010): Generating hard_block partition "hard_block:auto_generated_inst"
    Info (16011): Adding 0 node(s), including 0 DDIO, 0 PLL, 0 transceiver and 0 LCELL
Info (21057): Implemented 694 device resources after synthesis - the final resource count might be different
    Info (21058): Implemented 19 input pins
    Info (21059): Implemented 78 output pins
    Info (21060): Implemented 8 bidirectional pins
    Info (21061): Implemented 589 logic cells
Info: Quartus Prime Analysis & Synthesis was successful. 0 errors, 89 warnings
    Info: Peak virtual memory: 4781 megabytes
    Info: Processing ended: Wed May 12 21:01:10 2021
    Info: Elapsed time: 00:00:10
    Info: Total CPU time (on all processors): 00:00:26


+------------------------------------------+
; Analysis & Synthesis Suppressed Messages ;
+------------------------------------------+
The suppressed messages can be found in C:/Users/hersa/Desktop/EE271_Project/271_Project/output_files/fp_adder.map.smsg.


