------------------------------------------------------------
Timing Analyzer Summary
------------------------------------------------------------

Type  : Slow 1200mV 85C Model Setup 'clock_dividertest:cd|clock_out'
Slack : -5.717
TNS   : -426.053

Type  : Slow 1200mV 85C Model Setup 'a'
Slack : -4.953
TNS   : -132.499

Type  : Slow 1200mV 85C Model Setup 'clkfast'
Slack : -3.479
TNS   : -33.949

Type  : Slow 1200mV 85C Model Setup 'store[0]'
Slack : -2.973
TNS   : -11.333

Type  : Slow 1200mV 85C Model Setup 'referenceKeypad:k1|new_key'
Slack : -2.274
TNS   : -46.423

Type  : Slow 1200mV 85C Model Hold 'clock_dividertest:cd|clock_out'
Slack : 0.178
TNS   : 0.000

Type  : Slow 1200mV 85C Model Hold 'store[0]'
Slack : 0.422
TNS   : 0.000

Type  : Slow 1200mV 85C Model Hold 'clkfast'
Slack : 0.426
TNS   : 0.000

Type  : Slow 1200mV 85C Model Hold 'referenceKeypad:k1|new_key'
Slack : 0.442
TNS   : 0.000

Type  : Slow 1200mV 85C Model Hold 'a'
Slack : 0.515
TNS   : 0.000

Type  : Slow 1200mV 85C Model Minimum Pulse Width 'clkfast'
Slack : -3.000
TNS   : -32.463

Type  : Slow 1200mV 85C Model Minimum Pulse Width 'clock_dividertest:cd|clock_out'
Slack : -1.403
TNS   : -353.556

Type  : Slow 1200mV 85C Model Minimum Pulse Width 'referenceKeypad:k1|new_key'
Slack : -1.403
TNS   : -44.896

Type  : Slow 1200mV 85C Model Minimum Pulse Width 'a'
Slack : 0.412
TNS   : 0.000

Type  : Slow 1200mV 85C Model Minimum Pulse Width 'store[0]'
Slack : 0.417
TNS   : 0.000

Type  : Slow 1200mV 0C Model Setup 'clock_dividertest:cd|clock_out'
Slack : -5.164
TNS   : -373.815

Type  : Slow 1200mV 0C Model Setup 'a'
Slack : -4.660
TNS   : -122.907

Type  : Slow 1200mV 0C Model Setup 'clkfast'
Slack : -3.157
TNS   : -29.023

Type  : Slow 1200mV 0C Model Setup 'store[0]'
Slack : -2.729
TNS   : -10.436

Type  : Slow 1200mV 0C Model Setup 'referenceKeypad:k1|new_key'
Slack : -2.027
TNS   : -41.378

Type  : Slow 1200mV 0C Model Hold 'clock_dividertest:cd|clock_out'
Slack : 0.133
TNS   : 0.000

Type  : Slow 1200mV 0C Model Hold 'clkfast'
Slack : 0.394
TNS   : 0.000

Type  : Slow 1200mV 0C Model Hold 'referenceKeypad:k1|new_key'
Slack : 0.409
TNS   : 0.000

Type  : Slow 1200mV 0C Model Hold 'store[0]'
Slack : 0.438
TNS   : 0.000

Type  : Slow 1200mV 0C Model Hold 'a'
Slack : 0.587
TNS   : 0.000

Type  : Slow 1200mV 0C Model Minimum Pulse Width 'clkfast'
Slack : -3.000
TNS   : -32.463

Type  : Slow 1200mV 0C Model Minimum Pulse Width 'clock_dividertest:cd|clock_out'
Slack : -1.403
TNS   : -353.556

Type  : Slow 1200mV 0C Model Minimum Pulse Width 'referenceKeypad:k1|new_key'
Slack : -1.403
TNS   : -44.896

Type  : Slow 1200mV 0C Model Minimum Pulse Width 'store[0]'
Slack : 0.371
TNS   : 0.000

Type  : Slow 1200mV 0C Model Minimum Pulse Width 'a'
Slack : 0.425
TNS   : 0.000

Type  : Fast 1200mV 0C Model Setup 'clock_dividertest:cd|clock_out'
Slack : -1.896
TNS   : -84.974

Type  : Fast 1200mV 0C Model Setup 'a'
Slack : -1.755
TNS   : -44.386

Type  : Fast 1200mV 0C Model Setup 'store[0]'
Slack : -1.008
TNS   : -3.691

Type  : Fast 1200mV 0C Model Setup 'clkfast'
Slack : -0.972
TNS   : -3.313

Type  : Fast 1200mV 0C Model Setup 'referenceKeypad:k1|new_key'
Slack : -0.467
TNS   : -4.393

Type  : Fast 1200mV 0C Model Hold 'clock_dividertest:cd|clock_out'
Slack : 0.148
TNS   : 0.000

Type  : Fast 1200mV 0C Model Hold 'referenceKeypad:k1|new_key'
Slack : 0.167
TNS   : 0.000

Type  : Fast 1200mV 0C Model Hold 'clkfast'
Slack : 0.170
TNS   : 0.000

Type  : Fast 1200mV 0C Model Hold 'a'
Slack : 0.249
TNS   : 0.000

Type  : Fast 1200mV 0C Model Hold 'store[0]'
Slack : 0.314
TNS   : 0.000

Type  : Fast 1200mV 0C Model Minimum Pulse Width 'clkfast'
Slack : -3.000
TNS   : -24.704

Type  : Fast 1200mV 0C Model Minimum Pulse Width 'clock_dividertest:cd|clock_out'
Slack : -1.000
TNS   : -252.000

Type  : Fast 1200mV 0C Model Minimum Pulse Width 'referenceKeypad:k1|new_key'
Slack : -1.000
TNS   : -32.000

Type  : Fast 1200mV 0C Model Minimum Pulse Width 'a'
Slack : 0.389
TNS   : 0.000

Type  : Fast 1200mV 0C Model Minimum Pulse Width 'store[0]'
Slack : 0.430
TNS   : 0.000

------------------------------------------------------------
